Analyzing spatial-cosmic-mobile...                              

warning - Unused import: 'src/services/payment_service.dart' - lib\main.dart:7:8 - unused_import
warning - Duplicate import - lib\main.dart:17:8 - duplicate_import
warning - Unused import: 'package:google_fonts/google_fonts.dart' - lib\src\app.dart:3:8 - unused_import
   info - The imported package 'app_links' isn't a dependency of the importing package - lib\src\app.dart:10:8 - depend_on_referenced_packages
   info - 'text' is deprecated and shouldn't be used. Use [value] to access the textual content of this node, or [innerText] to access the textual content of its descendants - lib\src\logic\zwo_parser.dart:44:24 - deprecated_member_use
   info - 'text' is deprecated and shouldn't be used. Use [value] to access the textual content of this node, or [innerText] to access the textual content of its descendants - lib\src\logic\zwo_parser.dart:47:48 - deprecated_member_use
   info - Statements in an if should be enclosed in a block - lib\src\logic\zwo_parser.dart:136:27 - curly_braces_in_flow_control_structures
   info - Statements in an if should be enclosed in a block - lib\src\logic\zwo_parser.dart:137:51 - curly_braces_in_flow_control_structures
warning - Dead code - lib\src\services\bluetooth_service.dart:72:9 - dead_code
warning - The value of the local variable 'avgPowerPresent' isn't used - lib\src\services\bluetooth_service.dart:244:10 - unused_local_variable
   info - Don't invoke 'print' in production code - lib\src\services\library_service.dart:243:7 - avoid_print
   info - Function literals shouldn't be passed to 'forEach' - lib\src\services\settings_service.dart:103:22 - avoid_function_literals_in_foreach_calls
warning - The value of the local variable 'fileName' isn't used - lib\src\services\sync_service.dart:96:13 - unused_local_variable
   info - Statements in an if should be enclosed in a block - lib\src\services\workout_service.dart:374:38 - curly_braces_in_flow_control_structures
   info - Statements in an if should be enclosed in a block - lib\src\services\workout_service.dart:375:42 - curly_braces_in_flow_control_structures
   info - Don't use 'BuildContext's across async gaps - lib\src\ui\screens\dashboard\modern_dashboard_screen.dart:80:33 - use_build_context_synchronously
   info - Don't use 'BuildContext's across async gaps - lib\src\ui\screens\dashboard\modern_dashboard_screen.dart:87:35 - use_build_context_synchronously
   info - Don't use 'BuildContext's across async gaps - lib\src\ui\screens\dashboard\modern_dashboard_screen.dart:92:30 - use_build_context_synchronously
   info - Don't use 'BuildContext's across async gaps - lib\src\ui\screens\dashboard\modern_dashboard_screen.dart:97:28 - use_build_context_synchronously
   info - 'withOpacity' is deprecated and shouldn't be used. Use .withValues() to avoid precision loss - lib\src\ui\screens\dashboard\modern_dashboard_screen.dart:113:55 - deprecated_member_use
   info - 'withOpacity' is deprecated and shouldn't be used. Use .withValues() to avoid precision loss - lib\src\ui\screens\dashboard\modern_dashboard_screen.dart:118:60 - deprecated_member_use
warning - The left operand can't be null, so the right operand is never executed - lib\src\ui\screens\dashboard\modern_dashboard_screen.dart:159:70 - dead_null_aware_expression
   info - 'withOpacity' is deprecated and shouldn't be used. Use .withValues() to avoid precision loss - lib\src\ui\screens\dashboard\modern_dashboard_screen.dart:228:50 - deprecated_member_use
   info - 'withOpacity' is deprecated and shouldn't be used. Use .withValues() to avoid precision loss - lib\src\ui\screens\dashboard\modern_dashboard_screen.dart:228:98 - deprecated_member_use
   info - 'withOpacity' is deprecated and shouldn't be used. Use .withValues() to avoid precision loss - lib\src\ui\screens\dashboard\modern_dashboard_screen.dart:234:52 - deprecated_member_use
   info - 'withOpacity' is deprecated and shouldn't be used. Use .withValues() to avoid precision loss - lib\src\ui\screens\dashboard\modern_dashboard_screen.dart:234:100 - deprecated_member_use
   info - 'withOpacity' is deprecated and shouldn't be used. Use .withValues() to avoid precision loss - lib\src\ui\screens\dashboard\modern_dashboard_screen.dart:234:132 - deprecated_member_use
   info - 'withOpacity' is deprecated and shouldn't be used. Use .withValues() to avoid precision loss - lib\src\ui\screens\dashboard\modern_dashboard_screen.dart:236:71 - deprecated_member_use
   info - 'withOpacity' is deprecated and shouldn't be used. Use .withValues() to avoid precision loss - lib\src\ui\screens\dashboard\modern_dashboard_screen.dart:281:77 - deprecated_member_use
   info - 'WillPopScope' is deprecated and shouldn't be used. Use PopScope instead. The Android predictive back feature will not work with WillPopScope. This feature was deprecated after v3.12.0-1.0.pre - lib\src\ui\screens\dashboard\modern_dashboard_screen.dart:309:25 - deprecated_member_use
   info - 'withOpacity' is deprecated and shouldn't be used. Use .withValues() to avoid precision loss - lib\src\ui\screens\dashboard\modern_dashboard_screen.dart:322:56 - deprecated_member_use
   info - 'withOpacity' is deprecated and shouldn't be used. Use .withValues() to avoid precision loss - lib\src\ui\screens\dashboard\modern_dashboard_screen.dart:417:57 - deprecated_member_use
   info - 'withOpacity' is deprecated and shouldn't be used. Use .withValues() to avoid precision loss - lib\src\ui\screens\dashboard\modern_dashboard_screen.dart:468:34 - deprecated_member_use
   info - 'withOpacity' is deprecated and shouldn't be used. Use .withValues() to avoid precision loss - lib\src\ui\screens\dashboard\modern_dashboard_screen.dart:477:40 - deprecated_member_use
   info - 'withOpacity' is deprecated and shouldn't be used. Use .withValues() to avoid precision loss - lib\src\ui\screens\dashboard\modern_dashboard_screen.dart:492:125 - deprecated_member_use
   info - 'withOpacity' is deprecated and shouldn't be used. Use .withValues() to avoid precision loss - lib\src\ui\screens\dashboard\modern_dashboard_screen.dart:499:78 - deprecated_member_use
   info - Use 'const' with the constructor to improve performance - lib\src\ui\screens\dashboard\modern_dashboard_screen.dart:517:21 - prefer_const_constructors
   info - Use 'const' literals as arguments to constructors of '@immutable' classes - lib\src\ui\screens\dashboard\modern_dashboard_screen.dart:518:33 - prefer_const_literals_to_create_immutables
   info - 'withOpacity' is deprecated and shouldn't be used. Use .withValues() to avoid precision loss - lib\src\ui\screens\dashboard\modern_dashboard_screen.dart:529:78 - deprecated_member_use
   info - Use 'const' with the constructor to improve performance - lib\src\ui\screens\dashboard\modern_dashboard_screen.dart:542:21 - prefer_const_constructors
   info - Use 'const' literals as arguments to constructors of '@immutable' classes - lib\src\ui\screens\dashboard\modern_dashboard_screen.dart:543:33 - prefer_const_literals_to_create_immutables
   info - 'withOpacity' is deprecated and shouldn't be used. Use .withValues() to avoid precision loss - lib\src\ui\screens\dashboard\modern_dashboard_screen.dart:554:81 - deprecated_member_use
   info - 'withOpacity' is deprecated and shouldn't be used. Use .withValues() to avoid precision loss - lib\src\ui\screens\dashboard\modern_dashboard_screen.dart:574:97 - deprecated_member_use
   info - 'withOpacity' is deprecated and shouldn't be used. Use .withValues() to avoid precision loss - lib\src\ui\screens\dashboard\modern_dashboard_screen.dart:586:43 - deprecated_member_use
   info - 'withOpacity' is deprecated and shouldn't be used. Use .withValues() to avoid precision loss - lib\src\ui\screens\dashboard\modern_dashboard_screen.dart:594:56 - deprecated_member_use
   info - 'withOpacity' is deprecated and shouldn't be used. Use .withValues() to avoid precision loss - lib\src\ui\screens\dashboard\modern_dashboard_screen.dart:690:37 - deprecated_member_use
   info - 'withOpacity' is deprecated and shouldn't be used. Use .withValues() to avoid precision loss - lib\src\ui\screens\dashboard\modern_dashboard_screen.dart:715:45 - deprecated_member_use
warning - The declaration '_showAdvancedOptions' isn't referenced - lib\src\ui\screens\dashboard\modern_dashboard_screen.dart:756:8 - unused_element
   info - Use 'const' with the constructor to improve performance - lib\src\ui\screens\dashboard\modern_dashboard_screen.dart:814:13 - prefer_const_constructors
   info - 'withOpacity' is deprecated and shouldn't be used. Use .withValues() to avoid precision loss - lib\src\ui\screens\dashboard\modern_dashboard_screen.dart:839:69 - deprecated_member_use
   info - 'activeColor' is deprecated and shouldn't be used. Use activeThumbColor instead. This feature was deprecated after v3.31.0-2.0.pre - lib\src\ui\screens\dashboard\modern_dashboard_screen.dart:847:13 - deprecated_member_use
   info - 'withOpacity' is deprecated and shouldn't be used. Use .withValues() to avoid precision loss - lib\src\ui\screens\dashboard\modern_dashboard_screen.dart:849:45 - deprecated_member_use
   info - 'withOpacity' is deprecated and shouldn't be used. Use .withValues() to avoid precision loss - lib\src\ui\screens\dashboard\modern_dashboard_screen.dart:869:37 - deprecated_member_use
warning - The declaration '_showLanguageSelector' isn't referenced - lib\src\ui\screens\dashboard\modern_dashboard_screen.dart:880:8 - unused_element
   info - 'withOpacity' is deprecated and shouldn't be used. Use .withValues() to avoid precision loss - lib\src\ui\screens\dashboard\modern_dashboard_screen.dart:907:61 - deprecated_member_use
warning - The declaration '_showAccountInfo' isn't referenced - lib\src\ui\screens\dashboard\modern_dashboard_screen.dart:921:8 - unused_element
   info - 'withOpacity' is deprecated and shouldn't be used. Use .withValues() to avoid precision loss - lib\src\ui\screens\dashboard\modern_dashboard_screen.dart:995:37 - deprecated_member_use
warning - The declaration '_showConnections' isn't referenced - lib\src\ui\screens\dashboard\modern_dashboard_screen.dart:1018:8 - unused_element
   info - 'withOpacity' is deprecated and shouldn't be used. Use .withValues() to avoid precision loss - lib\src\ui\screens\dashboard\modern_dashboard_screen.dart:1063:29 - deprecated_member_use
   info - 'withOpacity' is deprecated and shouldn't be used. Use .withValues() to avoid precision loss - lib\src\ui\screens\dashboard\modern_dashboard_screen.dart:1071:59 - deprecated_member_use
   info - 'withOpacity' is deprecated and shouldn't be used. Use .withValues() to avoid precision loss - lib\src\ui\screens\dashboard\modern_dashboard_screen.dart:1147:24 - deprecated_member_use
   info - 'withOpacity' is deprecated and shouldn't be used. Use .withValues() to avoid precision loss - lib\src\ui\screens\dashboard\modern_dashboard_screen.dart:1149:43 - deprecated_member_use
   info - 'withOpacity' is deprecated and shouldn't be used. Use .withValues() to avoid precision loss - lib\src\ui\screens\dashboard\modern_dashboard_screen.dart:1269:32 - deprecated_member_use
   info - 'withOpacity' is deprecated and shouldn't be used. Use .withValues() to avoid precision loss - lib\src\ui\screens\dashboard\modern_dashboard_screen.dart:1278:38 - deprecated_member_use
   info - 'withOpacity' is deprecated and shouldn't be used. Use .withValues() to avoid precision loss - lib\src\ui\screens\dashboard\modern_dashboard_screen.dart:1300:67 - deprecated_member_use
   info - 'withOpacity' is deprecated and shouldn't be used. Use .withValues() to avoid precision loss - lib\src\ui\screens\dashboard\modern_dashboard_screen.dart:1315:60 - deprecated_member_use
   info - 'withOpacity' is deprecated and shouldn't be used. Use .withValues() to avoid precision loss - lib\src\ui\screens\dashboard\modern_dashboard_screen.dart:1325:35 - deprecated_member_use
   info - 'withOpacity' is deprecated and shouldn't be used. Use .withValues() to avoid precision loss - lib\src\ui\screens\dashboard\modern_dashboard_screen.dart:1346:56 - deprecated_member_use
   info - 'withOpacity' is deprecated and shouldn't be used. Use .withValues() to avoid precision loss - lib\src\ui\screens\dashboard\modern_dashboard_screen.dart:1352:65 - deprecated_member_use
   info - 'withOpacity' is deprecated and shouldn't be used. Use .withValues() to avoid precision loss - lib\src\ui\screens\dashboard\modern_dashboard_screen.dart:1366:48 - deprecated_member_use
   info - 'withOpacity' is deprecated and shouldn't be used. Use .withValues() to avoid precision loss - lib\src\ui\screens\dashboard\modern_dashboard_screen.dart:1372:57 - deprecated_member_use
   info - Use 'const' with the constructor to improve performance - lib\src\ui\screens\dashboard\modern_dashboard_screen.dart:1392:23 - prefer_const_constructors
warning - The left operand can't be null, so the right operand is never executed - lib\src\ui\screens\dashboard\modern_dashboard_screen.dart:1409:79 - dead_null_aware_expression
   info - 'withOpacity' is deprecated and shouldn't be used. Use .withValues() to avoid precision loss - lib\src\ui\screens\dashboard\modern_dashboard_screen.dart:1459:46 - deprecated_member_use
   info - 'withOpacity' is deprecated and shouldn't be used. Use .withValues() to avoid precision loss - lib\src\ui\screens\dashboard\modern_dashboard_screen.dart:1496:66 - deprecated_member_use
   info - 'withOpacity' is deprecated and shouldn't be used. Use .withValues() to avoid precision loss - lib\src\ui\screens\dashboard\modern_dashboard_screen.dart:1509:66 - deprecated_member_use
   info - 'withOpacity' is deprecated and shouldn't be used. Use .withValues() to avoid precision loss - lib\src\ui\screens\dashboard\modern_dashboard_screen.dart:1532:56 - deprecated_member_use
   info - Don't use 'BuildContext's across async gaps - lib\src\ui\screens\dashboard\modern_dashboard_screen.dart:1571:30 - use_build_context_synchronously
   info - Don't use 'BuildContext's across async gaps - lib\src\ui\screens\dashboard\modern_dashboard_screen.dart:1575:30 - use_build_context_synchronously
   info - 'withOpacity' is deprecated and shouldn't be used. Use .withValues() to avoid precision loss - lib\src\ui\screens\dashboard\modern_dashboard_screen.dart:1589:52 - deprecated_member_use
   info - 'withOpacity' is deprecated and shouldn't be used. Use .withValues() to avoid precision loss - lib\src\ui\screens\dashboard\modern_dashboard_screen.dart:1594:61 - deprecated_member_use
   info - Use 'const' with the constructor to improve performance - lib\src\ui\screens\dashboard\modern_dashboard_screen.dart:1597:20 - prefer_const_constructors
   info - 'withOpacity' is deprecated and shouldn't be used. Use .withValues() to avoid precision loss - lib\src\ui\screens\dashboard\modern_dashboard_screen.dart:1622:51 - deprecated_member_use
   info - 'withOpacity' is deprecated and shouldn't be used. Use .withValues() to avoid precision loss - lib\src\ui\screens\dashboard\modern_dashboard_screen.dart:1627:60 - deprecated_member_use
   info - Use 'const' with the constructor to improve performance - lib\src\ui\screens\dashboard\modern_dashboard_screen.dart:1630:20 - prefer_const_constructors
   info - 'withOpacity' is deprecated and shouldn't be used. Use .withValues() to avoid precision loss - lib\src\ui\screens\dashboard\modern_dashboard_screen.dart:1646:50 - deprecated_member_use
   info - 'withOpacity' is deprecated and shouldn't be used. Use .withValues() to avoid precision loss - lib\src\ui\screens\dashboard\modern_dashboard_screen.dart:1651:59 - deprecated_member_use
   info - Use 'const' with the constructor to improve performance - lib\src\ui\screens\dashboard\modern_dashboard_screen.dart:1654:20 - prefer_const_constructors
warning - The declaration '_buildMetricsGrid' isn't referenced - lib\src\ui\screens\dashboard\modern_dashboard_screen.dart:1667:10 - unused_element
   info - 'withOpacity' is deprecated and shouldn't be used. Use .withValues() to avoid precision loss - lib\src\ui\screens\dashboard\modern_dashboard_screen.dart:1692:35 - deprecated_member_use
   info - 'withOpacity' is deprecated and shouldn't be used. Use .withValues() to avoid precision loss - lib\src\ui\screens\dashboard\modern_dashboard_screen.dart:1694:60 - deprecated_member_use
   info - 'withOpacity' is deprecated and shouldn't be used. Use .withValues() to avoid precision loss - lib\src\ui\screens\dashboard\modern_dashboard_screen.dart:1705:60 - deprecated_member_use
   info - Use 'const' literals as arguments to constructors of '@immutable' classes - lib\src\ui\screens\dashboard\modern_dashboard_screen.dart:1720:16 - prefer_const_literals_to_create_immutables
   info - Use 'const' with the constructor to improve performance - lib\src\ui\screens\dashboard\modern_dashboard_screen.dart:1721:11 - prefer_const_constructors
   info - Use 'const' with the constructor to improve performance - lib\src\ui\screens\dashboard\modern_dashboard_screen.dart:1722:11 - prefer_const_constructors
   info - Use 'const' with the constructor to improve performance - lib\src\ui\screens\dashboard\modern_dashboard_screen.dart:1723:11 - prefer_const_constructors
   info - Use 'const' with the constructor to improve performance - lib\src\ui\screens\dashboard\modern_dashboard_screen.dart:1724:11 - prefer_const_constructors
   info - Use 'const' with the constructor to improve performance - lib\src\ui\screens\dashboard\modern_dashboard_screen.dart:1725:11 - prefer_const_constructors
   info - Use 'const' with the constructor to improve performance - lib\src\ui\screens\dashboard\modern_dashboard_screen.dart:1726:11 - prefer_const_constructors
   info - Statements in an if should be enclosed in a block - lib\src\ui\screens\dashboard\modern_dashboard_screen.dart:1739:27 - curly_braces_in_flow_control_structures
   info - Statements in an if should be enclosed in a block - lib\src\ui\screens\dashboard\modern_dashboard_screen.dart:1740:32 - curly_braces_in_flow_control_structures
   info - Statements in an if should be enclosed in a block - lib\src\ui\screens\dashboard\modern_dashboard_screen.dart:1741:12 - curly_braces_in_flow_control_structures
   info - 'withOpacity' is deprecated and shouldn't be used. Use .withValues() to avoid precision loss - lib\src\ui\screens\dashboard\modern_dashboard_screen.dart:1766:44 - deprecated_member_use
   info - 'withOpacity' is deprecated and shouldn't be used. Use .withValues() to avoid precision loss - lib\src\ui\screens\dashboard\modern_dashboard_screen.dart:1768:63 - deprecated_member_use
   info - 'withOpacity' is deprecated and shouldn't be used. Use .withValues() to avoid precision loss - lib\src\ui\screens\dashboard\modern_dashboard_screen.dart:1808:58 - deprecated_member_use
   info - 'withOpacity' is deprecated and shouldn't be used. Use .withValues() to avoid precision loss - lib\src\ui\screens\dashboard\modern_dashboard_screen.dart:1811:57 - deprecated_member_use
   info - Use 'const' with the constructor to improve performance - lib\src\ui\screens\dashboard\modern_dashboard_screen.dart:1848:15 - prefer_const_constructors
   info - Use 'const' with the constructor to improve performance - lib\src\ui\screens\dashboard\modern_dashboard_screen.dart:1850:24 - prefer_const_constructors
   info - Use 'const' literals as arguments to constructors of '@immutable' classes - lib\src\ui\screens\dashboard\modern_dashboard_screen.dart:1851:29 - prefer_const_literals_to_create_immutables
   info - 'withOpacity' is deprecated and shouldn't be used. Use .withValues() to avoid precision loss - lib\src\ui\screens\dashboard\modern_dashboard_screen.dart:1863:39 - deprecated_member_use
   info - 'withOpacity' is deprecated and shouldn't be used. Use .withValues() to avoid precision loss - lib\src\ui\screens\dashboard\modern_dashboard_screen.dart:1865:58 - deprecated_member_use
   info - 'withOpacity' is deprecated and shouldn't be used. Use .withValues() to avoid precision loss - lib\src\ui\screens\dashboard\modern_dashboard_screen.dart:1872:55 - deprecated_member_use
   info - Unnecessary use of 'toList' in a spread - lib\src\ui\screens\dashboard\modern_dashboard_screen.dart:1897:18 - unnecessary_to_list_in_spreads
   info - 'value' is deprecated and shouldn't be used. Use initialValue instead. This will set the initial value for the form field. This feature was deprecated after v3.33.0-1.0.pre - lib\src\ui\screens\events\add_event_screen.dart:72:25 - deprecated_member_use
   info - 'withOpacity' is deprecated and shouldn't be used. Use .withValues() to avoid precision loss - lib\src\ui\screens\events\add_event_screen.dart:121:125 - deprecated_member_use
   info - 'withOpacity' is deprecated and shouldn't be used. Use .withValues() to avoid precision loss - lib\src\ui\screens\events\add_event_screen.dart:124:31 - deprecated_member_use
   info - 'withOpacity' is deprecated and shouldn't be used. Use .withValues() to avoid precision loss - lib\src\ui\screens\payments\payment_manager_screen.dart:85:22 - deprecated_member_use
   info - 'withOpacity' is deprecated and shouldn't be used. Use .withValues() to avoid precision loss - lib\src\ui\screens\payments\payment_manager_screen.dart:87:41 - deprecated_member_use
   info - 'withOpacity' is deprecated and shouldn't be used. Use .withValues() to avoid precision loss - lib\src\ui\screens\payments\payment_manager_screen.dart:106:29 - deprecated_member_use
   info - 'withOpacity' is deprecated and shouldn't be used. Use .withValues() to avoid precision loss - lib\src\ui\screens\payments\payment_manager_screen.dart:114:49 - deprecated_member_use
   info - 'withOpacity' is deprecated and shouldn't be used. Use .withValues() to avoid precision loss - lib\src\ui\screens\payments\payment_screen.dart:68:32 - deprecated_member_use
   info - 'withOpacity' is deprecated and shouldn't be used. Use .withValues() to avoid precision loss - lib\src\ui\screens\payments\payment_screen.dart:68:64 - deprecated_member_use
   info - 'withOpacity' is deprecated and shouldn't be used. Use .withValues() to avoid precision loss - lib\src\ui\screens\payments\payment_screen.dart:73:47 - deprecated_member_use
   info - 'withOpacity' is deprecated and shouldn't be used. Use .withValues() to avoid precision loss - lib\src\ui\screens\payments\payment_screen.dart:117:29 - deprecated_member_use
   info - 'withOpacity' is deprecated and shouldn't be used. Use .withValues() to avoid precision loss - lib\src\ui\screens\payments\payment_screen.dart:125:78 - deprecated_member_use
   info - 'withOpacity' is deprecated and shouldn't be used. Use .withValues() to avoid precision loss - lib\src\ui\screens\payments\payment_screen.dart:125:111 - deprecated_member_use
   info - Don't use 'BuildContext's across async gaps, guarded by an unrelated 'mounted' check - lib\src\ui\screens\payments\payment_screen.dart:156:28 - use_build_context_synchronously
warning - Unused import: '../../widgets/glass_card.dart' - lib\src\ui\screens\physiological\hrv_measurement_screen.dart:6:8 - unused_import
   info - 'withOpacity' is deprecated and shouldn't be used. Use .withValues() to avoid precision loss - lib\src\ui\screens\physiological\hrv_measurement_screen.dart:87:56 - deprecated_member_use
   info - 'withOpacity' is deprecated and shouldn't be used. Use .withValues() to avoid precision loss - lib\src\ui\screens\physiological\hrv_measurement_screen.dart:114:44 - deprecated_member_use
   info - 'withOpacity' is deprecated and shouldn't be used. Use .withValues() to avoid precision loss - lib\src\ui\screens\physiological\hrv_measurement_screen.dart:145:49 - deprecated_member_use
   info - 'withOpacity' is deprecated and shouldn't be used. Use .withValues() to avoid precision loss - lib\src\ui\screens\physiological\hrv_measurement_screen.dart:146:68 - deprecated_member_use
   info - 'withOpacity' is deprecated and shouldn't be used. Use .withValues() to avoid precision loss - lib\src\ui\screens\physiological\hrv_measurement_screen.dart:211:29 - deprecated_member_use
   info - 'withOpacity' is deprecated and shouldn't be used. Use .withValues() to avoid precision loss - lib\src\ui\screens\physiological\hrv_measurement_screen.dart:212:53 - deprecated_member_use
   info - 'withOpacity' is deprecated and shouldn't be used. Use .withValues() to avoid precision loss - lib\src\ui\screens\physiological\hrv_measurement_screen.dart:216:40 - deprecated_member_use
   info - 'withOpacity' is deprecated and shouldn't be used. Use .withValues() to avoid precision loss - lib\src\ui\screens\physiological\hrv_measurement_screen.dart:241:64 - deprecated_member_use
   info - 'withOpacity' is deprecated and shouldn't be used. Use .withValues() to avoid precision loss - lib\src\ui\screens\profile\medical_certificate_screen.dart:133:45 - deprecated_member_use
   info - Use 'const' with the constructor to improve performance - lib\src\ui\screens\profile\metabolic_calculator_screen.dart:198:9 - prefer_const_constructors
   info - Use 'const' literals as arguments to constructors of '@immutable' classes - lib\src\ui\screens\profile\metabolic_calculator_screen.dart:200:21 - prefer_const_literals_to_create_immutables
   info - Use 'const' with the constructor to improve performance - lib\src\ui\screens\profile\metabolic_calculator_screen.dart:328:23 - prefer_const_constructors
   info - Use 'const' with the constructor to improve performance - lib\src\ui\screens\profile\metabolic_calculator_screen.dart:416:25 - prefer_const_constructors
   info - Use 'const' with the constructor to improve performance - lib\src\ui\screens\profile\metabolic_calculator_screen.dart:416:48 - prefer_const_constructors
   info - Use 'const' with the constructor to improve performance - lib\src\ui\screens\profile\metabolic_calculator_screen.dart:417:24 - prefer_const_constructors
   info - Use 'const' with the constructor to improve performance - lib\src\ui\screens\profile\metabolic_calculator_screen.dart:417:47 - prefer_const_constructors
   info - Use 'const' with the constructor to improve performance - lib\src\ui\screens\profile\metabolic_calculator_screen.dart:418:26 - prefer_const_constructors
   info - Use 'const' with the constructor to improve performance - lib\src\ui\screens\profile\metabolic_calculator_screen.dart:418:49 - prefer_const_constructors
   info - Use 'const' with the constructor to improve performance - lib\src\ui\screens\profile\metabolic_calculator_screen.dart:433:24 - prefer_const_constructors
   info - Use 'const' with the constructor to improve performance - lib\src\ui\screens\profile\metabolic_calculator_screen.dart:441:24 - prefer_const_constructors
   info - 'withOpacity' is deprecated and shouldn't be used. Use .withValues() to avoid precision loss - lib\src\ui\screens\settings\bluetooth_scan_screen.dart:88:42 - deprecated_member_use
   info - 'withOpacity' is deprecated and shouldn't be used. Use .withValues() to avoid precision loss - lib\src\ui\screens\settings\bluetooth_scan_screen.dart:91:54 - deprecated_member_use
   info - 'withOpacity' is deprecated and shouldn't be used. Use .withValues() to avoid precision loss - lib\src\ui\screens\settings\bluetooth_scan_screen.dart:161:41 - deprecated_member_use
   info - 'withOpacity' is deprecated and shouldn't be used. Use .withValues() to avoid precision loss - lib\src\ui\screens\settings\bluetooth_scan_screen.dart:165:65 - deprecated_member_use
warning - Unused import: '../profile/metabolic_calculator_screen.dart' - lib\src\ui\screens\settings\settings_screens.dart:14:8 - unused_import
   info - 'withOpacity' is deprecated and shouldn't be used. Use .withValues() to avoid precision loss - lib\src\ui\screens\settings\settings_screens.dart:105:69 - deprecated_member_use
   info - 'activeColor' is deprecated and shouldn't be used. Use activeThumbColor instead. This feature was deprecated after v3.31.0-2.0.pre - lib\src\ui\screens\settings\settings_screens.dart:113:13 - deprecated_member_use
   info - 'withOpacity' is deprecated and shouldn't be used. Use .withValues() to avoid precision loss - lib\src\ui\screens\settings\settings_screens.dart:115:45 - deprecated_member_use
   info - 'withOpacity' is deprecated and shouldn't be used. Use .withValues() to avoid precision loss - lib\src\ui\screens\settings\settings_screens.dart:135:37 - deprecated_member_use
   info - 'withOpacity' is deprecated and shouldn't be used. Use .withValues() to avoid precision loss - lib\src\ui\screens\settings\settings_screens.dart:209:37 - deprecated_member_use
   info - 'withOpacity' is deprecated and shouldn't be used. Use .withValues() to avoid precision loss - lib\src\ui\screens\settings\settings_screens.dart:264:55 - deprecated_member_use
   info - 'withOpacity' is deprecated and shouldn't be used. Use .withValues() to avoid precision loss - lib\src\ui\screens\settings\settings_screens.dart:390:37 - deprecated_member_use
   info - 'withOpacity' is deprecated and shouldn't be used. Use .withValues() to avoid precision loss - lib\src\ui\screens\settings\settings_screens.dart:422:69 - deprecated_member_use
   info - 'activeColor' is deprecated and shouldn't be used. Use activeThumbColor instead. This feature was deprecated after v3.31.0-2.0.pre - lib\src\ui\screens\settings\settings_screens.dart:430:13 - deprecated_member_use
   info - 'withOpacity' is deprecated and shouldn't be used. Use .withValues() to avoid precision loss - lib\src\ui\screens\settings\settings_screens.dart:448:37 - deprecated_member_use
   info - 'withOpacity' is deprecated and shouldn't be used. Use .withValues() to avoid precision loss - lib\src\ui\screens\settings\settings_screens.dart:480:37 - deprecated_member_use
   info - 'withOpacity' is deprecated and shouldn't be used. Use .withValues() to avoid precision loss - lib\src\ui\screens\settings\settings_screens.dart:483:54 - deprecated_member_use
warning - The value of the local variable 'settings' isn't used - lib\src\ui\screens\settings\settings_screens.dart:509:11 - unused_local_variable
warning - The value of the local variable 'connections' isn't used - lib\src\ui\screens\settings\settings_screens.dart:512:11 - unused_local_variable
   info - 'withOpacity' is deprecated and shouldn't be used. Use .withValues() to avoid precision loss - lib\src\ui\screens\settings\settings_screens.dart:588:29 - deprecated_member_use
   info - 'withOpacity' is deprecated and shouldn't be used. Use .withValues() to avoid precision loss - lib\src\ui\screens\settings\settings_screens.dart:590:53 - deprecated_member_use
   info - 'withOpacity' is deprecated and shouldn't be used. Use .withValues() to avoid precision loss - lib\src\ui\screens\settings\settings_screens.dart:606:50 - deprecated_member_use
   info - 'withOpacity' is deprecated and shouldn't be used. Use .withValues() to avoid precision loss - lib\src\ui\screens\settings\settings_screens.dart:617:54 - deprecated_member_use
   info - Don't use 'BuildContext's across async gaps - lib\src\ui\screens\settings\settings_screens.dart:645:42 - use_build_context_synchronously
   info - 'withOpacity' is deprecated and shouldn't be used. Use .withValues() to avoid precision loss - lib\src\ui\screens\settings\settings_screens.dart:656:43 - deprecated_member_use
   info - Use 'const' with the constructor to improve performance - lib\src\ui\screens\settings\settings_screens.dart:659:22 - prefer_const_constructors
   info - Use 'const' literals as arguments to constructors of '@immutable' classes - lib\src\ui\screens\settings\settings_screens.dart:660:27 - prefer_const_literals_to_create_immutables
   info - Use 'const' with the constructor to improve performance - lib\src\ui\screens\settings\settings_screens.dart:663:20 - prefer_const_constructors
   info - 'withOpacity' is deprecated and shouldn't be used. Use .withValues() to avoid precision loss - lib\src\ui\screens\settings\settings_screens.dart:686:35 - deprecated_member_use
   info - 'withOpacity' is deprecated and shouldn't be used. Use .withValues() to avoid precision loss - lib\src\ui\screens\settings\settings_screens.dart:705:29 - deprecated_member_use
   info - 'withOpacity' is deprecated and shouldn't be used. Use .withValues() to avoid precision loss - lib\src\ui\screens\settings\settings_screens.dart:707:52 - deprecated_member_use
   info - 'withOpacity' is deprecated and shouldn't be used. Use .withValues() to avoid precision loss - lib\src\ui\screens\settings\settings_screens.dart:723:50 - deprecated_member_use
   info - Don't use 'BuildContext's across async gaps - lib\src\ui\screens\settings\settings_screens.dart:751:42 - use_build_context_synchronously
   info - Don't use 'BuildContext's across async gaps - lib\src\ui\screens\settings\settings_screens.dart:753:42 - use_build_context_synchronously
   info - 'withOpacity' is deprecated and shouldn't be used. Use .withValues() to avoid precision loss - lib\src\ui\screens\settings\settings_screens.dart:771:43 - deprecated_member_use
   info - Use 'const' with the constructor to improve performance - lib\src\ui\screens\settings\settings_screens.dart:774:22 - prefer_const_constructors
   info - Use 'const' literals as arguments to constructors of '@immutable' classes - lib\src\ui\screens\settings\settings_screens.dart:775:27 - prefer_const_literals_to_create_immutables
   info - Use 'const' with the constructor to improve performance - lib\src\ui\screens\settings\settings_screens.dart:778:19 - prefer_const_constructors
   info - 'withOpacity' is deprecated and shouldn't be used. Use .withValues() to avoid precision loss - lib\src\ui\screens\settings\settings_screens.dart:819:29 - deprecated_member_use
   info - 'withOpacity' is deprecated and shouldn't be used. Use .withValues() to avoid precision loss - lib\src\ui\screens\settings\settings_screens.dart:827:59 - deprecated_member_use
   info - Use 'const' with the constructor to improve performance - lib\src\ui\screens\settings\terms_screen.dart:15:13 - prefer_const_constructors
   info - Use 'const' with the constructor to improve performance - lib\src\ui\screens\settings\terms_screen.dart:17:16 - prefer_const_constructors
   info - Use 'const' literals as arguments to constructors of '@immutable' classes - lib\src\ui\screens\settings\terms_screen.dart:19:21 - prefer_const_literals_to_create_immutables
   info - 'withOpacity' is deprecated and shouldn't be used. Use .withValues() to avoid precision loss - lib\src\ui\screens\settings\workout_recovery_screen.dart:118:88 - deprecated_member_use
   info - The import of 'package:flutter/services.dart' is unnecessary because all of the used elements are also provided by the import of 'package:flutter/material.dart' - lib\src\ui\screens\workout\modern_workout_screen.dart:3:8 - unnecessary_import
warning - Unused import: 'workout_analysis_screen.dart' - lib\src\ui\screens\workout\modern_workout_screen.dart:13:8 - unused_import
warning - Unused import: '../../../services/sync_service.dart' - lib\src\ui\screens\workout\modern_workout_screen.dart:19:8 - unused_import
warning - Unused import: '../../../services/intervals_service.dart' - lib\src\ui\screens\workout\modern_workout_screen.dart:20:8 - unused_import
warning - Unused import: '../../../services/integration_service.dart' - lib\src\ui\screens\workout\modern_workout_screen.dart:21:8 - unused_import
   info - The private field _intensity could be 'final' - lib\src\ui\screens\workout\modern_workout_screen.dart:32:7 - prefer_final_fields
warning - The value of the field '_intensity' isn't used - lib\src\ui\screens\workout\modern_workout_screen.dart:32:7 - unused_field
   info - 'withOpacity' is deprecated and shouldn't be used. Use .withValues() to avoid precision loss - lib\src\ui\screens\workout\modern_workout_screen.dart:98:42 - deprecated_member_use
   info - 'withOpacity' is deprecated and shouldn't be used. Use .withValues() to avoid precision loss - lib\src\ui\screens\workout\modern_workout_screen.dart:101:54 - deprecated_member_use
   info - 'withOpacity' is deprecated and shouldn't be used. Use .withValues() to avoid precision loss - lib\src\ui\screens\workout\modern_workout_screen.dart:208:39 - deprecated_member_use
   info - Statements in a for should be enclosed in a block - lib\src\ui\screens\workout\modern_workout_screen.dart:241:60 - curly_braces_in_flow_control_structures
   info - 'withOpacity' is deprecated and shouldn't be used. Use .withValues() to avoid precision loss - lib\src\ui\screens\workout\modern_workout_screen.dart:391:46 - deprecated_member_use
   info - 'withOpacity' is deprecated and shouldn't be used. Use .withValues() to avoid precision loss - lib\src\ui\screens\workout\modern_workout_screen.dart:393:65 - deprecated_member_use
   info - Statements in an if should be enclosed in a block - lib\src\ui\screens\workout\modern_workout_screen.dart:423:79 - curly_braces_in_flow_control_structures
   info - Statements in an if should be enclosed in a block - lib\src\ui\screens\workout\modern_workout_screen.dart:424:92 - curly_braces_in_flow_control_structures
   info - Statements in an if should be enclosed in a block - lib\src\ui\screens\workout\modern_workout_screen.dart:425:87 - curly_braces_in_flow_control_structures
   info - Statements in an if should be enclosed in a block - lib\src\ui\screens\workout\modern_workout_screen.dart:426:90 - curly_braces_in_flow_control_structures
   info - Statements in an if should be enclosed in a block - lib\src\ui\screens\workout\modern_workout_screen.dart:427:87 - curly_braces_in_flow_control_structures
   info - 'withOpacity' is deprecated and shouldn't be used. Use .withValues() to avoid precision loss - lib\src\ui\screens\workout\modern_workout_screen.dart:466:33 - deprecated_member_use
   info - Don't use 'BuildContext's across async gaps, guarded by an unrelated 'mounted' check - lib\src\ui\screens\workout\modern_workout_screen.dart:509:35 - use_build_context_synchronously
   info - Don't use 'BuildContext's across async gaps, guarded by an unrelated 'mounted' check - lib\src\ui\screens\workout\modern_workout_screen.dart:511:23 - use_build_context_synchronously
   info - Don't use 'BuildContext's across async gaps, guarded by an unrelated 'mounted' check - lib\src\ui\screens\workout\modern_workout_screen.dart:523:34 - use_build_context_synchronously
   info - Don't use 'BuildContext's across async gaps, guarded by an unrelated 'mounted' check - lib\src\ui\screens\workout\modern_workout_screen.dart:524:41 - use_build_context_synchronously
   info - 'withOpacity' is deprecated and shouldn't be used. Use .withValues() to avoid precision loss - lib\src\ui\screens\workout\modern_workout_screen.dart:550:24 - deprecated_member_use
   info - 'withOpacity' is deprecated and shouldn't be used. Use .withValues() to avoid precision loss - lib\src\ui\screens\workout\modern_workout_screen.dart:552:43 - deprecated_member_use
   info - Statements in an if should be enclosed in a block - lib\src\ui\screens\workout\modern_workout_screen.dart:566:18 - curly_braces_in_flow_control_structures
   info - Statements in an if should be enclosed in a block - lib\src\ui\screens\workout\modern_workout_screen.dart:567:24 - curly_braces_in_flow_control_structures
   info - Statements in an if should be enclosed in a block - lib\src\ui\screens\workout\modern_workout_screen.dart:568:10 - curly_braces_in_flow_control_structures
   info - Statements in an if should be enclosed in a block - lib\src\ui\screens\workout\modern_workout_screen.dart:571:18 - curly_braces_in_flow_control_structures
   info - Statements in an if should be enclosed in a block - lib\src\ui\screens\workout\modern_workout_screen.dart:572:24 - curly_braces_in_flow_control_structures
   info - 'withOpacity' is deprecated and shouldn't be used. Use .withValues() to avoid precision loss - lib\src\ui\screens\workout\modern_workout_screen.dart:585:50 - deprecated_member_use
   info - 'withOpacity' is deprecated and shouldn't be used. Use .withValues() to avoid precision loss - lib\src\ui\screens\workout\modern_workout_screen.dart:585:82 - deprecated_member_use
   info - 'withOpacity' is deprecated and shouldn't be used. Use .withValues() to avoid precision loss - lib\src\ui\screens\workout\modern_workout_screen.dart:587:69 - deprecated_member_use
   info - 'withOpacity' is deprecated and shouldn't be used. Use .withValues() to avoid precision loss - lib\src\ui\screens\workout\modern_workout_screen.dart:610:29 - deprecated_member_use
   info - 'withOpacity' is deprecated and shouldn't be used. Use .withValues() to avoid precision loss - lib\src\ui\screens\workout\modern_workout_screen.dart:632:49 - deprecated_member_use
warning - Unused import: '../../../l10n/app_localizations.dart' - lib\src\ui\screens\workout\post_workout_analysis_screen.dart:13:8 - unused_import
warning - The value of the field '_newFtp' isn't used - lib\src\ui\screens\workout\post_workout_analysis_screen.dart:35:8 - unused_field
warning - The value of the field '_timestamps' isn't used - lib\src\ui\screens\workout\post_workout_analysis_screen.dart:41:16 - unused_field
   info - 'withOpacity' is deprecated and shouldn't be used. Use .withValues() to avoid precision loss - lib\src\ui\screens\workout\post_workout_analysis_screen.dart:215:60 - deprecated_member_use
   info - 'withOpacity' is deprecated and shouldn't be used. Use .withValues() to avoid precision loss - lib\src\ui\screens\workout\post_workout_analysis_screen.dart:225:60 - deprecated_member_use
   info - Don't use 'BuildContext's across async gaps - lib\src\ui\screens\workout\post_workout_analysis_screen.dart:265:34 - use_build_context_synchronously
   info - Don't use 'BuildContext's across async gaps - lib\src\ui\screens\workout\post_workout_analysis_screen.dart:266:32 - use_build_context_synchronously
warning - The value of the local variable 'file' isn't used - lib\src\ui\screens\workout\post_workout_analysis_screen.dart:267:13 - unused_local_variable
   info - Don't use 'BuildContext's across async gaps - lib\src\ui\screens\workout\post_workout_analysis_screen.dart:274:29 - use_build_context_synchronously
   info - Don't use 'BuildContext's across async gaps, guarded by an unrelated 'mounted' check - lib\src\ui\screens\workout\post_workout_analysis_screen.dart:285:30 - use_build_context_synchronously
   info - Don't use 'BuildContext's across async gaps, guarded by an unrelated 'mounted' check - lib\src\ui\screens\workout\post_workout_analysis_screen.dart:286:22 - use_build_context_synchronously
   info - Don't use 'BuildContext's across async gaps, guarded by an unrelated 'mounted' check - lib\src\ui\screens\workout\post_workout_analysis_screen.dart:291:31 - use_build_context_synchronously
   info - 'withOpacity' is deprecated and shouldn't be used. Use .withValues() to avoid precision loss - lib\src\ui\screens\workout\post_workout_analysis_screen.dart:366:35 - deprecated_member_use
   info - Use 'const' with the constructor to improve performance - lib\src\ui\screens\workout\post_workout_analysis_screen.dart:399:27 - prefer_const_constructors
   info - Use 'const' with the constructor to improve performance - lib\src\ui\screens\workout\post_workout_analysis_screen.dart:400:29 - prefer_const_constructors
   info - 'withOpacity' is deprecated and shouldn't be used. Use .withValues() to avoid precision loss - lib\src\ui\screens\workout\post_workout_analysis_screen.dart:433:35 - deprecated_member_use
   info - Use 'const' with the constructor to improve performance - lib\src\ui\screens\workout\post_workout_analysis_screen.dart:460:16 - prefer_const_constructors
   info - 'withOpacity' is deprecated and shouldn't be used. Use .withValues() to avoid precision loss - lib\src\ui\screens\workout\post_workout_analysis_screen.dart:461:58 - deprecated_member_use
   info - 'withOpacity' is deprecated and shouldn't be used. Use .withValues() to avoid precision loss - lib\src\ui\screens\workout\post_workout_analysis_screen.dart:500:52 - deprecated_member_use
warning - Unused import: '../../../services/integration_service.dart' - lib\src\ui\screens\workout\workout_analysis_screen.dart:8:8 - unused_import
   info - Don't use 'BuildContext's across async gaps - lib\src\ui\screens\workout\workout_analysis_screen.dart:172:15 - use_build_context_synchronously
   info - 'withOpacity' is deprecated and shouldn't be used. Use .withValues() to avoid precision loss - lib\src\ui\screens\workout\workout_history_screen.dart:105:44 - deprecated_member_use
  error - The getter 'cloudUpload' isn't defined for the type 'LucideIcons' - lib\src\ui\screens\workout\workout_history_screen.dart:139:50 - undefined_getter
   info - Use 'const' with the constructor to improve performance - lib\src\ui\screens\workout\workout_history_screen.dart:139:100 - prefer_const_constructors
   info - Use 'const' with the constructor to improve performance - lib\src\ui\screens\workout\workout_history_screen.dart:139:121 - prefer_const_constructors
   info - Use 'const' with the constructor to improve performance - lib\src\ui\screens\workout\workout_history_screen.dart:139:154 - prefer_const_constructors
   info - Use 'const' with the constructor to improve performance - lib\src\ui\screens\workout\workout_history_screen.dart:141:9 - prefer_const_constructors
   info - Use 'const' with the constructor to improve performance - lib\src\ui\screens\workout\workout_history_screen.dart:143:18 - prefer_const_constructors
   info - Use 'const' literals as arguments to constructors of '@immutable' classes - lib\src\ui\screens\workout\workout_history_screen.dart:143:32 - prefer_const_literals_to_create_immutables
   info - Use 'const' with the constructor to improve performance - lib\src\ui\screens\workout\workout_history_screen.dart:143:33 - prefer_const_constructors
   info - Use 'const' with the constructor to improve performance - lib\src\ui\screens\workout\workout_history_screen.dart:143:93 - prefer_const_constructors
   info - Use 'const' with the constructor to improve performance - lib\src\ui\screens\workout\workout_history_screen.dart:143:114 - prefer_const_constructors
   info - Use 'const' with the constructor to improve performance - lib\src\ui\screens\workout\workout_history_screen.dart:143:144 - prefer_const_constructors
   info - Use 'const' with the constructor to improve performance - lib\src\ui\screens\workout\workout_history_screen.dart:145:9 - prefer_const_constructors
   info - Use 'const' with the constructor to improve performance - lib\src\ui\screens\workout\workout_history_screen.dart:147:18 - prefer_const_constructors
   info - Use 'const' literals as arguments to constructors of '@immutable' classes - lib\src\ui\screens\workout\workout_history_screen.dart:147:32 - prefer_const_literals_to_create_immutables
   info - Use 'const' with the constructor to improve performance - lib\src\ui\screens\workout\workout_history_screen.dart:147:33 - prefer_const_constructors
   info - Use 'const' with the constructor to improve performance - lib\src\ui\screens\workout\workout_history_screen.dart:147:99 - prefer_const_constructors
   info - Use 'const' with the constructor to improve performance - lib\src\ui\screens\workout\workout_history_screen.dart:147:120 - prefer_const_constructors
   info - Use 'const' with the constructor to improve performance - lib\src\ui\screens\workout\workout_history_screen.dart:147:157 - prefer_const_constructors
   info - Use 'const' with the constructor to improve performance - lib\src\ui\screens\workout\workout_history_screen.dart:149:9 - prefer_const_constructors
   info - Use 'const' with the constructor to improve performance - lib\src\ui\screens\workout\workout_history_screen.dart:151:18 - prefer_const_constructors
   info - Use 'const' literals as arguments to constructors of '@immutable' classes - lib\src\ui\screens\workout\workout_history_screen.dart:151:32 - prefer_const_literals_to_create_immutables
   info - Use 'const' with the constructor to improve performance - lib\src\ui\screens\workout\workout_history_screen.dart:151:33 - prefer_const_constructors
   info - Use 'const' with the constructor to improve performance - lib\src\ui\screens\workout\workout_history_screen.dart:151:94 - prefer_const_constructors
   info - Use 'const' with the constructor to improve performance - lib\src\ui\screens\workout\workout_history_screen.dart:151:115 - prefer_const_constructors
   info - Use 'const' with the constructor to improve performance - lib\src\ui\screens\workout\workout_history_screen.dart:151:138 - prefer_const_constructors
   info - Don't use 'BuildContext's across async gaps, guarded by an unrelated 'mounted' check - lib\src\ui\screens\workout\workout_history_screen.dart:167:44 - use_build_context_synchronously
   info - Don't use 'BuildContext's across async gaps, guarded by an unrelated 'mounted' check - lib\src\ui\screens\workout\workout_history_screen.dart:171:44 - use_build_context_synchronously
   info - Don't use 'BuildContext's across async gaps, guarded by an unrelated 'mounted' check - lib\src\ui\screens\workout\workout_history_screen.dart:175:44 - use_build_context_synchronously
   info - Don't use 'BuildContext's across async gaps, guarded by an unrelated 'mounted' check - lib\src\ui\screens\workout\workout_history_screen.dart:178:41 - use_build_context_synchronously
   info - Don't use 'BuildContext's across async gaps - lib\src\ui\screens\workout\workout_history_screen.dart:210:18 - use_build_context_synchronously
warning - Unused import: 'package:spatial_cosmic_mobile/src/logic/fit_generator.dart' - lib\src\ui\screens\workout\workout_library_screen.dart:12:8 - unused_import
   info - 'WillPopScope' is deprecated and shouldn't be used. Use PopScope instead. The Android predictive back feature will not work with WillPopScope. This feature was deprecated after v3.12.0-1.0.pre - lib\src\ui\screens\workout\workout_library_screen.dart:91:25 - deprecated_member_use
   info - 'withOpacity' is deprecated and shouldn't be used. Use .withValues() to avoid precision loss - lib\src\ui\screens\workout\workout_library_screen.dart:104:56 - deprecated_member_use
warning - The '!' will have no effect because the receiver can't be null - lib\src\ui\screens\workout\workout_library_screen.dart:139:83 - unnecessary_non_null_assertion
   info - 'withOpacity' is deprecated and shouldn't be used. Use .withValues() to avoid precision loss - lib\src\ui\screens\workout\workout_library_screen.dart:171:47 - deprecated_member_use
   info - 'withOpacity' is deprecated and shouldn't be used. Use .withValues() to avoid precision loss - lib\src\ui\screens\workout\workout_library_screen.dart:174:59 - deprecated_member_use
   info - 'withOpacity' is deprecated and shouldn't be used. Use .withValues() to avoid precision loss - lib\src\ui\screens\workout\workout_library_screen.dart:248:68 - deprecated_member_use
   info - 'withOpacity' is deprecated and shouldn't be used. Use .withValues() to avoid precision loss - lib\src\ui\screens\workout\workout_library_screen.dart:249:74 - deprecated_member_use
   info - 'withOpacity' is deprecated and shouldn't be used. Use .withValues() to avoid precision loss - lib\src\ui\screens\workout\workout_library_screen.dart:250:40 - deprecated_member_use
   info - 'withOpacity' is deprecated and shouldn't be used. Use .withValues() to avoid precision loss - lib\src\ui\screens\workout\workout_library_screen.dart:252:87 - deprecated_member_use
   info - 'withOpacity' is deprecated and shouldn't be used. Use .withValues() to avoid precision loss - lib\src\ui\screens\workout\workout_library_screen.dart:253:93 - deprecated_member_use
   info - 'withOpacity' is deprecated and shouldn't be used. Use .withValues() to avoid precision loss - lib\src\ui\screens\workout\workout_library_screen.dart:254:59 - deprecated_member_use
   info - 'withOpacity' is deprecated and shouldn't be used. Use .withValues() to avoid precision loss - lib\src\ui\screens\workout\workout_library_screen.dart:330:54 - deprecated_member_use
   info - 'withOpacity' is deprecated and shouldn't be used. Use .withValues() to avoid precision loss - lib\src\ui\screens\workout\workout_library_screen.dart:331:61 - deprecated_member_use
warning - Unused import: 'package:google_fonts/google_fonts.dart' - lib\src\ui\theme\app_theme.dart:2:8 - unused_import
   info - 'background' is deprecated and shouldn't be used. Use surface instead. This feature was deprecated after v3.18.0-0.1.pre - lib\src\ui\theme\app_theme.dart:19:9 - deprecated_member_use
   info - 'onBackground' is deprecated and shouldn't be used. Use onSurface instead. This feature was deprecated after v3.18.0-0.1.pre - lib\src\ui\theme\app_theme.dart:23:9 - deprecated_member_use
   info - 'withOpacity' is deprecated and shouldn't be used. Use .withValues() to avoid precision loss - lib\src\ui\widgets\glass_card.dart:35:49 - deprecated_member_use
   info - 'withOpacity' is deprecated and shouldn't be used. Use .withValues() to avoid precision loss - lib\src\ui\widgets\glass_card.dart:38:50 - deprecated_member_use
   info - 'withOpacity' is deprecated and shouldn't be used. Use .withValues() to avoid precision loss - lib\src\ui\widgets\glass_card.dart:45:46 - deprecated_member_use
   info - 'withOpacity' is deprecated and shouldn't be used. Use .withValues() to avoid precision loss - lib\src\ui\widgets\glass_card.dart:46:46 - deprecated_member_use
   info - 'withOpacity' is deprecated and shouldn't be used. Use .withValues() to avoid precision loss - lib\src\ui\widgets\live_workout_chart.dart:26:29 - deprecated_member_use
   info - 'withOpacity' is deprecated and shouldn't be used. Use .withValues() to avoid precision loss - lib\src\ui\widgets\live_workout_chart.dart:28:48 - deprecated_member_use
   info - Statements in a for should be enclosed in a block - lib\src\ui\widgets\live_workout_chart.dart:95:27 - curly_braces_in_flow_control_structures
   info - Use 'const' for final variables initialized to a constant value - lib\src\ui\widgets\live_workout_chart.dart:107:8 - prefer_const_declarations
   info - 'withOpacity' is deprecated and shouldn't be used. Use .withValues() to avoid precision loss - lib\src\ui\widgets\live_workout_chart.dart:120:30 - deprecated_member_use
   info - Statements in an if should be enclosed in a block - lib\src\ui\widgets\live_workout_chart.dart:142:33 - curly_braces_in_flow_control_structures
   info - Statements in an if should be enclosed in a block - lib\src\ui\widgets\live_workout_chart.dart:143:37 - curly_braces_in_flow_control_structures
   info - 'withOpacity' is deprecated and shouldn't be used. Use .withValues() to avoid precision loss - lib\src\ui\widgets\live_workout_chart.dart:181:41 - deprecated_member_use
   info - 'withOpacity' is deprecated and shouldn't be used. Use .withValues() to avoid precision loss - lib\src\ui\widgets\live_workout_chart.dart:186:42 - deprecated_member_use
   info - 'withOpacity' is deprecated and shouldn't be used. Use .withValues() to avoid precision loss - lib\src\ui\widgets\live_workout_chart.dart:192:93 - deprecated_member_use
   info - 'withOpacity' is deprecated and shouldn't be used. Use .withValues() to avoid precision loss - lib\src\ui\widgets\live_workout_chart.dart:193:106 - deprecated_member_use
   info - 'withOpacity' is deprecated and shouldn't be used. Use .withValues() to avoid precision loss - lib\src\ui\widgets\live_workout_chart.dart:201:89 - deprecated_member_use
   info - Statements in an if should be enclosed in a block - lib\src\ui\widgets\live_workout_chart.dart:227:14 - curly_braces_in_flow_control_structures
   info - Statements in an if should be enclosed in a block - lib\src\ui\widgets\live_workout_chart.dart:272:17 - curly_braces_in_flow_control_structures
   info - 'withOpacity' is deprecated and shouldn't be used. Use .withValues() to avoid precision loss - lib\src\ui\widgets\live_workout_chart.dart:317:54 - deprecated_member_use
   info - 'withOpacity' is deprecated and shouldn't be used. Use .withValues() to avoid precision loss - lib\src\ui\widgets\metric_tile.dart:27:32 - deprecated_member_use
   info - 'withOpacity' is deprecated and shouldn't be used. Use .withValues() to avoid precision loss - lib\src\ui\widgets\metric_tile.dart:45:47 - deprecated_member_use
   info - 'withOpacity' is deprecated and shouldn't be used. Use .withValues() to avoid precision loss - lib\src\ui\widgets\metric_tile.dart:62:42 - deprecated_member_use
   info - 'withOpacity' is deprecated and shouldn't be used. Use .withValues() to avoid precision loss - lib\src\ui\widgets\metric_tile.dart:73:41 - deprecated_member_use
   info - 'withOpacity' is deprecated and shouldn't be used. Use .withValues() to avoid precision loss - lib\src\ui\widgets\platform_selector.dart:66:28 - deprecated_member_use
   info - 'withOpacity' is deprecated and shouldn't be used. Use .withValues() to avoid precision loss - lib\src\ui\widgets\platform_selector.dart:73:54 - deprecated_member_use
   info - 'withOpacity' is deprecated and shouldn't be used. Use .withValues() to avoid precision loss - lib\src\ui\widgets\primary_button.dart:31:38 - deprecated_member_use
   info - 'withOpacity' is deprecated and shouldn't be used. Use .withValues() to avoid precision loss - lib\src\ui\widgets\primary_button.dart:45:54 - deprecated_member_use
   info - 'withOpacity' is deprecated and shouldn't be used. Use .withValues() to avoid precision loss - lib\src\ui\widgets\workout_chart.dart:70:35 - deprecated_member_use
   info - 'withOpacity' is deprecated and shouldn't be used. Use .withValues() to avoid precision loss - lib\src\ui\widgets\workout_chart.dart:71:35 - deprecated_member_use

